
> dc-store@0.1.0 build
> next build

   ▲ Next.js 15.5.9
   - Experiments (use with caution):
     · optimizePackageImports

   Creating an optimized production build ...
 ⚠ Compiled with warnings in 4.0s

./src/app/api/admin/categories/route.ts
Attempted import error: 'products' is not exported from '@/db/schema' (imported as 'products').

Import trace for requested module:
./src/app/api/admin/categories/route.ts

./src/app/api/admin/categories/route.ts
Attempted import error: 'products' is not exported from '@/db/schema' (imported as 'products').

Import trace for requested module:
./src/app/api/admin/categories/route.ts

./src/app/api/admin/coupons/[id]/route.ts
Attempted import error: 'coupons' is not exported from '@/db/schema' (imported as 'coupons').

Import trace for requested module:
./src/app/api/admin/coupons/[id]/route.ts

./src/app/api/admin/coupons/[id]/route.ts
Attempted import error: 'coupons' is not exported from '@/db/schema' (imported as 'coupons').

Import trace for requested module:
./src/app/api/admin/coupons/[id]/route.ts

./src/app/api/admin/coupons/[id]/route.ts
Attempted import error: 'coupons' is not exported from '@/db/schema' (imported as 'coupons').

Import trace for requested module:
./src/app/api/admin/coupons/[id]/route.ts

./src/app/api/admin/coupons/[id]/route.ts
Attempted import error: 'coupons' is not exported from '@/db/schema' (imported as 'coupons').

Import trace for requested module:
./src/app/api/admin/coupons/[id]/route.ts

./src/app/api/admin/coupons/route.ts
Attempted import error: 'coupons' is not exported from '@/db/schema' (imported as 'coupons').

Import trace for requested module:
./src/app/api/admin/coupons/route.ts

./src/app/api/admin/coupons/route.ts
Attempted import error: 'coupons' is not exported from '@/db/schema' (imported as 'coupons').

Import trace for requested module:
./src/app/api/admin/coupons/route.ts

./src/app/api/admin/coupons/route.ts
Attempted import error: 'coupons' is not exported from '@/db/schema' (imported as 'coupons').

Import trace for requested module:
./src/app/api/admin/coupons/route.ts

./src/app/api/admin/orders/[id]/route.ts
Attempted import error: 'products' is not exported from '@/db/schema' (imported as 'products').

Import trace for requested module:
./src/app/api/admin/orders/[id]/route.ts

./src/app/api/admin/orders/[id]/route.ts
Attempted import error: 'products' is not exported from '@/db/schema' (imported as 'products').

Import trace for requested module:
./src/app/api/admin/orders/[id]/route.ts

./src/app/api/admin/orders/[id]/route.ts
Attempted import error: 'products' is not exported from '@/db/schema' (imported as 'products').

Import trace for requested module:
./src/app/api/admin/orders/[id]/route.ts

./src/app/api/admin/products/[id]/route.ts
Attempted import error: 'products' is not exported from '@/db/schema' (imported as 'products').

Import trace for requested module:
./src/app/api/admin/products/[id]/route.ts

./src/app/api/admin/products/[id]/route.ts
Attempted import error: 'products' is not exported from '@/db/schema' (imported as 'products').

Import trace for requested module:
./src/app/api/admin/products/[id]/route.ts

./src/app/api/admin/products/[id]/route.ts
Attempted import error: 'products' is not exported from '@/db/schema' (imported as 'products').

Import trace for requested module:
./src/app/api/admin/products/[id]/route.ts

./src/app/api/admin/products/[id]/route.ts
Attempted import error: 'products' is not exported from '@/db/schema' (imported as 'products').

Import trace for requested module:
./src/app/api/admin/products/[id]/route.ts

./src/app/api/admin/products/[id]/route.ts
Attempted import error: 'products' is not exported from '@/db/schema' (imported as 'products').

Import trace for requested module:
./src/app/api/admin/products/[id]/route.ts

./src/app/api/admin/products/[id]/route.ts
Attempted import error: 'products' is not exported from '@/db/schema' (imported as 'products').

Import trace for requested module:
./src/app/api/admin/products/[id]/route.ts

./src/app/api/admin/products/[id]/route.ts
Attempted import error: 'products' is not exported from '@/db/schema' (imported as 'products').

Import trace for requested module:
./src/app/api/admin/products/[id]/route.ts

./src/app/api/admin/products/route.ts
Attempted import error: 'products' is not exported from '@/db/schema' (imported as 'products').

Import trace for requested module:
./src/app/api/admin/products/route.ts

./src/app/api/admin/products/route.ts
Attempted import error: 'products' is not exported from '@/db/schema' (imported as 'products').

Import trace for requested module:
./src/app/api/admin/products/route.ts

./src/app/api/admin/products/route.ts
Attempted import error: 'products' is not exported from '@/db/schema' (imported as 'products').

Import trace for requested module:
./src/app/api/admin/products/route.ts

./src/app/api/admin/products/route.ts
Attempted import error: 'products' is not exported from '@/db/schema' (imported as 'products').

Import trace for requested module:
./src/app/api/admin/products/route.ts

./src/app/api/admin/products/route.ts
Attempted import error: 'products' is not exported from '@/db/schema' (imported as 'products').

Import trace for requested module:
./src/app/api/admin/products/route.ts

./src/app/api/admin/products/route.ts
Attempted import error: 'products' is not exported from '@/db/schema' (imported as 'products').

Import trace for requested module:
./src/app/api/admin/products/route.ts

./src/app/api/admin/products/route.ts
Attempted import error: 'products' is not exported from '@/db/schema' (imported as 'products').

Import trace for requested module:
./src/app/api/admin/products/route.ts

./src/app/api/admin/products/route.ts
Attempted import error: 'products' is not exported from '@/db/schema' (imported as 'products').

Import trace for requested module:
./src/app/api/admin/products/route.ts

./src/app/api/admin/products/route.ts
Attempted import error: 'products' is not exported from '@/db/schema' (imported as 'products').

Import trace for requested module:
./src/app/api/admin/products/route.ts

./src/app/api/admin/products/route.ts
Attempted import error: 'products' is not exported from '@/db/schema' (imported as 'products').

Import trace for requested module:
./src/app/api/admin/products/route.ts

./src/app/api/admin/products/route.ts
Attempted import error: 'products' is not exported from '@/db/schema' (imported as 'products').

Import trace for requested module:
./src/app/api/admin/products/route.ts

./src/app/api/admin/products/route.ts
Attempted import error: 'products' is not exported from '@/db/schema' (imported as 'products').

Import trace for requested module:
./src/app/api/admin/products/route.ts

./src/app/api/admin/products/route.ts
Attempted import error: 'products' is not exported from '@/db/schema' (imported as 'products').

Import trace for requested module:
./src/app/api/admin/products/route.ts

./src/app/api/admin/products/route.ts
Attempted import error: 'products' is not exported from '@/db/schema' (imported as 'products').

Import trace for requested module:
./src/app/api/admin/products/route.ts

./src/app/api/admin/products/route.ts
Attempted import error: 'products' is not exported from '@/db/schema' (imported as 'products').

Import trace for requested module:
./src/app/api/admin/products/route.ts

./src/app/api/admin/products/route.ts
Attempted import error: 'products' is not exported from '@/db/schema' (imported as 'products').

Import trace for requested module:
./src/app/api/admin/products/route.ts

./src/app/api/admin/products/route.ts
Attempted import error: 'products' is not exported from '@/db/schema' (imported as 'products').

Import trace for requested module:
./src/app/api/admin/products/route.ts

./src/app/api/admin/products/route.ts
Attempted import error: 'products' is not exported from '@/db/schema' (imported as 'products').

Import trace for requested module:
./src/app/api/admin/products/route.ts

./src/app/api/admin/products/route.ts
Attempted import error: 'products' is not exported from '@/db/schema' (imported as 'products').

Import trace for requested module:
./src/app/api/admin/products/route.ts

./src/app/api/admin/products/route.ts
Attempted import error: 'products' is not exported from '@/db/schema' (imported as 'products').

Import trace for requested module:
./src/app/api/admin/products/route.ts

./src/app/api/admin/reports/route.ts
Attempted import error: 'products' is not exported from '@/db/schema' (imported as 'products').

Import trace for requested module:
./src/app/api/admin/reports/route.ts

./src/app/api/admin/reports/route.ts
Attempted import error: 'products' is not exported from '@/db/schema' (imported as 'products').

Import trace for requested module:
./src/app/api/admin/reports/route.ts

./src/app/api/admin/reports/route.ts
Attempted import error: 'products' is not exported from '@/db/schema' (imported as 'products').

Import trace for requested module:
./src/app/api/admin/reports/route.ts

./src/app/api/admin/reports/route.ts
Attempted import error: 'products' is not exported from '@/db/schema' (imported as 'products').

Import trace for requested module:
./src/app/api/admin/reports/route.ts

./src/app/api/admin/reviews/route.ts
Attempted import error: 'products' is not exported from '@/db/schema' (imported as 'products').

Import trace for requested module:
./src/app/api/admin/reviews/route.ts

./src/app/api/admin/reviews/route.ts
Attempted import error: 'products' is not exported from '@/db/schema' (imported as 'products').

Import trace for requested module:
./src/app/api/admin/reviews/route.ts

./src/app/api/admin/reviews/route.ts
Attempted import error: 'products' is not exported from '@/db/schema' (imported as 'products').

Import trace for requested module:
./src/app/api/admin/reviews/route.ts

./src/app/api/admin/stats/route.ts
Attempted import error: 'products' is not exported from '@/db/schema' (imported as 'products').

Import trace for requested module:
./src/app/api/admin/stats/route.ts

./src/app/api/admin/stats/route.ts
Attempted import error: 'products' is not exported from '@/db/schema' (imported as 'products').

Import trace for requested module:
./src/app/api/admin/stats/route.ts

./src/app/api/admin/stats/route.ts
Attempted import error: 'products' is not exported from '@/db/schema' (imported as 'products').

Import trace for requested module:
./src/app/api/admin/stats/route.ts

./src/app/api/admin/stats/route.ts
Attempted import error: 'products' is not exported from '@/db/schema' (imported as 'products').

Import trace for requested module:
./src/app/api/admin/stats/route.ts

./src/app/api/admin/stats/route.ts
Attempted import error: 'products' is not exported from '@/db/schema' (imported as 'products').

Import trace for requested module:
./src/app/api/admin/stats/route.ts

./src/app/api/admin/stats/route.ts
Attempted import error: 'products' is not exported from '@/db/schema' (imported as 'products').

Import trace for requested module:
./src/app/api/admin/stats/route.ts

./src/app/api/admin/stats/route.ts
Attempted import error: 'products' is not exported from '@/db/schema' (imported as 'products').

Import trace for requested module:
./src/app/api/admin/stats/route.ts

./src/app/api/admin/stats/route.ts
Attempted import error: 'products' is not exported from '@/db/schema' (imported as 'products').

Import trace for requested module:
./src/app/api/admin/stats/route.ts

./src/app/api/admin/stats/route.ts
Attempted import error: 'products' is not exported from '@/db/schema' (imported as 'products').

Import trace for requested module:
./src/app/api/admin/stats/route.ts

./src/app/api/admin/stats/route.ts
Attempted import error: 'products' is not exported from '@/db/schema' (imported as 'products').

Import trace for requested module:
./src/app/api/admin/stats/route.ts

./src/app/api/admin/stats/route.ts
Attempted import error: 'products' is not exported from '@/db/schema' (imported as 'products').

Import trace for requested module:
./src/app/api/admin/stats/route.ts

./src/app/api/admin/stats/route.ts
Attempted import error: 'products' is not exported from '@/db/schema' (imported as 'products').

Import trace for requested module:
./src/app/api/admin/stats/route.ts

./src/app/api/admin/stats/route.ts
Attempted import error: 'products' is not exported from '@/db/schema' (imported as 'products').

Import trace for requested module:
./src/app/api/admin/stats/route.ts

./src/app/api/admin/stats/route.ts
Attempted import error: 'products' is not exported from '@/db/schema' (imported as 'products').

Import trace for requested module:
./src/app/api/admin/stats/route.ts

./src/app/api/admin/stats/route.ts
Attempted import error: 'products' is not exported from '@/db/schema' (imported as 'products').

Import trace for requested module:
./src/app/api/admin/stats/route.ts

./src/app/api/cart/route.ts
Attempted import error: 'products' is not exported from '@/db/schema' (imported as 'products').

Import trace for requested module:
./src/app/api/cart/route.ts

./src/app/api/cart/route.ts
Attempted import error: 'products' is not exported from '@/db/schema' (imported as 'products').

Import trace for requested module:
./src/app/api/cart/route.ts

./src/app/api/cart/route.ts
Attempted import error: 'products' is not exported from '@/db/schema' (imported as 'products').

Import trace for requested module:
./src/app/api/cart/route.ts

./src/app/api/cart/route.ts
Attempted import error: 'products' is not exported from '@/db/schema' (imported as 'products').

Import trace for requested module:
./src/app/api/cart/route.ts

./src/app/api/chat/route.ts
Attempted import error: 'products' is not exported from '@/db/schema' (imported as 'products').

Import trace for requested module:
./src/app/api/chat/route.ts

./src/app/api/chat/route.ts
Attempted import error: 'products' is not exported from '@/db/schema' (imported as 'products').

Import trace for requested module:
./src/app/api/chat/route.ts

./src/app/api/chat/route.ts
Attempted import error: 'products' is not exported from '@/db/schema' (imported as 'products').

Import trace for requested module:
./src/app/api/chat/route.ts

./src/app/api/chat/route.ts
Attempted import error: 'products' is not exported from '@/db/schema' (imported as 'products').

Import trace for requested module:
./src/app/api/chat/route.ts

./src/app/api/chat/route.ts
Attempted import error: 'products' is not exported from '@/db/schema' (imported as 'products').

Import trace for requested module:
./src/app/api/chat/route.ts

./src/app/api/chat/route.ts
Attempted import error: 'products' is not exported from '@/db/schema' (imported as 'products').

Import trace for requested module:
./src/app/api/chat/route.ts

./src/app/api/chat/route.ts
Attempted import error: 'products' is not exported from '@/db/schema' (imported as 'products').

Import trace for requested module:
./src/app/api/chat/route.ts

./src/app/api/chat/route.ts
Attempted import error: 'products' is not exported from '@/db/schema' (imported as 'products').

Import trace for requested module:
./src/app/api/chat/route.ts

./src/app/api/chat/route.ts
Attempted import error: 'products' is not exported from '@/db/schema' (imported as 'products').

Import trace for requested module:
./src/app/api/chat/route.ts

./src/app/api/coupons/validate/route.ts
Attempted import error: 'coupons' is not exported from '@/db/schema' (imported as 'coupons').

Import trace for requested module:
./src/app/api/coupons/validate/route.ts

./src/app/api/coupons/validate/route.ts
Attempted import error: 'coupons' is not exported from '@/db/schema' (imported as 'coupons').

Import trace for requested module:
./src/app/api/coupons/validate/route.ts

./src/app/api/orders/route.ts
Attempted import error: 'products' is not exported from '@/db/schema' (imported as 'products').

Import trace for requested module:
./src/app/api/orders/route.ts

./src/app/api/orders/route.ts
Attempted import error: 'products' is not exported from '@/db/schema' (imported as 'products').

Import trace for requested module:
./src/app/api/orders/route.ts

./src/app/api/orders/route.ts
Attempted import error: 'products' is not exported from '@/db/schema' (imported as 'products').

Import trace for requested module:
./src/app/api/orders/route.ts

./src/app/api/orders/route.ts
Attempted import error: 'products' is not exported from '@/db/schema' (imported as 'products').

Import trace for requested module:
./src/app/api/orders/route.ts

./src/app/api/orders/route.ts
Attempted import error: 'products' is not exported from '@/db/schema' (imported as 'products').

Import trace for requested module:
./src/app/api/orders/route.ts

./src/app/api/orders/route.ts
Attempted import error: 'products' is not exported from '@/db/schema' (imported as 'products').

Import trace for requested module:
./src/app/api/orders/route.ts

./src/app/api/orders/route.ts
Attempted import error: 'products' is not exported from '@/db/schema' (imported as 'products').

Import trace for requested module:
./src/app/api/orders/route.ts

./src/app/api/products/[slug]/route.ts
Attempted import error: 'products' is not exported from '@/db/schema' (imported as 'products').

Import trace for requested module:
./src/app/api/products/[slug]/route.ts

./src/app/api/reviews/route.ts
Attempted import error: 'products' is not exported from '@/db/schema' (imported as 'products').

Import trace for requested module:
./src/app/api/reviews/route.ts

./src/app/api/reviews/route.ts
Attempted import error: 'products' is not exported from '@/db/schema' (imported as 'products').

Import trace for requested module:
./src/app/api/reviews/route.ts

./src/app/api/reviews/route.ts
Attempted import error: 'products' is not exported from '@/db/schema' (imported as 'products').

Import trace for requested module:
./src/app/api/reviews/route.ts

./src/app/api/user/addresses/route.ts
Attempted import error: 'addresses' is not exported from '@/db/schema' (imported as 'addresses').

Import trace for requested module:
./src/app/api/user/addresses/route.ts

./src/app/api/user/addresses/route.ts
Attempted import error: 'addresses' is not exported from '@/db/schema' (imported as 'addresses').

Import trace for requested module:
./src/app/api/user/addresses/route.ts

./src/app/api/user/addresses/route.ts
Attempted import error: 'addresses' is not exported from '@/db/schema' (imported as 'addresses').

Import trace for requested module:
./src/app/api/user/addresses/route.ts

./src/app/api/user/addresses/route.ts
Attempted import error: 'addresses' is not exported from '@/db/schema' (imported as 'addresses').

Import trace for requested module:
./src/app/api/user/addresses/route.ts

./src/app/api/user/addresses/route.ts
Attempted import error: 'addresses' is not exported from '@/db/schema' (imported as 'addresses').

Import trace for requested module:
./src/app/api/user/addresses/route.ts

./src/app/api/user/addresses/route.ts
Attempted import error: 'addresses' is not exported from '@/db/schema' (imported as 'addresses').

Import trace for requested module:
./src/app/api/user/addresses/route.ts

./src/app/api/user/addresses/route.ts
Attempted import error: 'addresses' is not exported from '@/db/schema' (imported as 'addresses').

Import trace for requested module:
./src/app/api/user/addresses/route.ts

./src/app/api/user/addresses/route.ts
Attempted import error: 'addresses' is not exported from '@/db/schema' (imported as 'addresses').

Import trace for requested module:
./src/app/api/user/addresses/route.ts

./src/app/api/user/addresses/route.ts
Attempted import error: 'addresses' is not exported from '@/db/schema' (imported as 'addresses').

Import trace for requested module:
./src/app/api/user/addresses/route.ts

./src/app/api/user/addresses/route.ts
Attempted import error: 'addresses' is not exported from '@/db/schema' (imported as 'addresses').

Import trace for requested module:
./src/app/api/user/addresses/route.ts

./src/app/api/user/addresses/route.ts
Attempted import error: 'addresses' is not exported from '@/db/schema' (imported as 'addresses').

Import trace for requested module:
./src/app/api/user/addresses/route.ts

./src/app/api/user/addresses/route.ts
Attempted import error: 'addresses' is not exported from '@/db/schema' (imported as 'addresses').

Import trace for requested module:
./src/app/api/user/addresses/route.ts

./src/app/api/user/addresses/route.ts
Attempted import error: 'addresses' is not exported from '@/db/schema' (imported as 'addresses').

Import trace for requested module:
./src/app/api/user/addresses/route.ts

./src/app/api/user/addresses/route.ts
Attempted import error: 'addresses' is not exported from '@/db/schema' (imported as 'addresses').

Import trace for requested module:
./src/app/api/user/addresses/route.ts

./src/app/api/user/addresses/route.ts
Attempted import error: 'addresses' is not exported from '@/db/schema' (imported as 'addresses').

Import trace for requested module:
./src/app/api/user/addresses/route.ts

./src/app/api/user/addresses/route.ts
Attempted import error: 'addresses' is not exported from '@/db/schema' (imported as 'addresses').

Import trace for requested module:
./src/app/api/user/addresses/route.ts

./src/app/api/user/addresses/route.ts
Attempted import error: 'addresses' is not exported from '@/db/schema' (imported as 'addresses').

Import trace for requested module:
./src/app/api/user/addresses/route.ts

./src/app/api/user/addresses/route.ts
Attempted import error: 'addresses' is not exported from '@/db/schema' (imported as 'addresses').

Import trace for requested module:
./src/app/api/user/addresses/route.ts

./src/app/api/user/addresses/route.ts
Attempted import error: 'addresses' is not exported from '@/db/schema' (imported as 'addresses').

Import trace for requested module:
./src/app/api/user/addresses/route.ts

./src/app/api/user/addresses/route.ts
Attempted import error: 'addresses' is not exported from '@/db/schema' (imported as 'addresses').

Import trace for requested module:
./src/app/api/user/addresses/route.ts

./src/app/api/user/addresses/route.ts
Attempted import error: 'addresses' is not exported from '@/db/schema' (imported as 'addresses').

Import trace for requested module:
./src/app/api/user/addresses/route.ts

./src/app/api/user/addresses/route.ts
Attempted import error: 'addresses' is not exported from '@/db/schema' (imported as 'addresses').

Import trace for requested module:
./src/app/api/user/addresses/route.ts

./src/app/api/user/addresses/route.ts
Attempted import error: 'addresses' is not exported from '@/db/schema' (imported as 'addresses').

Import trace for requested module:
./src/app/api/user/addresses/route.ts

./src/app/api/user/addresses/route.ts
Attempted import error: 'addresses' is not exported from '@/db/schema' (imported as 'addresses').

Import trace for requested module:
./src/app/api/user/addresses/route.ts

./src/app/api/user/profile/route.ts
Attempted import error: 'wishlist' is not exported from '@/db/schema' (imported as 'wishlist').

Import trace for requested module:
./src/app/api/user/profile/route.ts

./src/app/api/user/profile/route.ts
Attempted import error: 'wishlist' is not exported from '@/db/schema' (imported as 'wishlist').

Import trace for requested module:
./src/app/api/user/profile/route.ts

./src/app/api/user/profile/route.ts
Attempted import error: 'wishlist' is not exported from '@/db/schema' (imported as 'wishlist').

Import trace for requested module:
./src/app/api/user/profile/route.ts

./src/app/api/user/profile/route.ts
Attempted import error: 'wishlist' is not exported from '@/db/schema' (imported as 'wishlist').

Import trace for requested module:
./src/app/api/user/profile/route.ts

./src/app/api/user/profile/route.ts
Attempted import error: 'products' is not exported from '@/db/schema' (imported as 'products').

Import trace for requested module:
./src/app/api/user/profile/route.ts

./src/app/api/user/profile/route.ts
Attempted import error: 'products' is not exported from '@/db/schema' (imported as 'products').

Import trace for requested module:
./src/app/api/user/profile/route.ts

./src/app/api/user/profile/route.ts
Attempted import error: 'products' is not exported from '@/db/schema' (imported as 'products').

Import trace for requested module:
./src/app/api/user/profile/route.ts

./src/app/api/user/profile/route.ts
Attempted import error: 'products' is not exported from '@/db/schema' (imported as 'products').

Import trace for requested module:
./src/app/api/user/profile/route.ts

./src/app/api/user/profile/route.ts
Attempted import error: 'products' is not exported from '@/db/schema' (imported as 'products').

Import trace for requested module:
./src/app/api/user/profile/route.ts

./src/app/api/user/profile/route.ts
Attempted import error: 'products' is not exported from '@/db/schema' (imported as 'products').

Import trace for requested module:
./src/app/api/user/profile/route.ts

./src/app/api/user/profile/route.ts
Attempted import error: 'wishlist' is not exported from '@/db/schema' (imported as 'wishlist').

Import trace for requested module:
./src/app/api/user/profile/route.ts

./src/app/api/user/profile/route.ts
Attempted import error: 'products' is not exported from '@/db/schema' (imported as 'products').

Import trace for requested module:
./src/app/api/user/profile/route.ts

./src/app/api/user/profile/route.ts
Attempted import error: 'wishlist' is not exported from '@/db/schema' (imported as 'wishlist').

Import trace for requested module:
./src/app/api/user/profile/route.ts

./src/app/api/user/profile/route.ts
Attempted import error: 'products' is not exported from '@/db/schema' (imported as 'products').

Import trace for requested module:
./src/app/api/user/profile/route.ts

./src/app/api/user/profile/route.ts
Attempted import error: 'wishlist' is not exported from '@/db/schema' (imported as 'wishlist').

Import trace for requested module:
./src/app/api/user/profile/route.ts

./src/app/api/user/profile/route.ts
Attempted import error: 'products' is not exported from '@/db/schema' (imported as 'products').

Import trace for requested module:
./src/app/api/user/profile/route.ts

./src/app/api/user/profile/route.ts
Attempted import error: 'products' is not exported from '@/db/schema' (imported as 'products').

Import trace for requested module:
./src/app/api/user/profile/route.ts

./src/app/api/user/profile/route.ts
Attempted import error: 'products' is not exported from '@/db/schema' (imported as 'products').

Import trace for requested module:
./src/app/api/user/profile/route.ts

./src/app/api/user/profile/route.ts
Attempted import error: 'products' is not exported from '@/db/schema' (imported as 'products').

Import trace for requested module:
./src/app/api/user/profile/route.ts

./src/app/api/user/profile/route.ts
Attempted import error: 'products' is not exported from '@/db/schema' (imported as 'products').

Import trace for requested module:
./src/app/api/user/profile/route.ts

./src/app/api/user/profile/route.ts
Attempted import error: 'products' is not exported from '@/db/schema' (imported as 'products').

Import trace for requested module:
./src/app/api/user/profile/route.ts

./src/app/api/user/profile/route.ts
Attempted import error: 'products' is not exported from '@/db/schema' (imported as 'products').

Import trace for requested module:
./src/app/api/user/profile/route.ts

./src/app/api/user/profile/route.ts
Attempted import error: 'products' is not exported from '@/db/schema' (imported as 'products').

Import trace for requested module:
./src/app/api/user/profile/route.ts

./src/app/api/user/profile/route.ts
Attempted import error: 'products' is not exported from '@/db/schema' (imported as 'products').

Import trace for requested module:
./src/app/api/user/profile/route.ts

./src/app/api/user/profile/route.ts
Attempted import error: 'products' is not exported from '@/db/schema' (imported as 'products').

Import trace for requested module:
./src/app/api/user/profile/route.ts

./src/app/api/user/wishlist/[productId]/route.ts
Attempted import error: 'wishlist' is not exported from '@/db/schema' (imported as 'wishlist').

Import trace for requested module:
./src/app/api/user/wishlist/[productId]/route.ts

./src/app/api/user/wishlist/[productId]/route.ts
Attempted import error: 'wishlist' is not exported from '@/db/schema' (imported as 'wishlist').

Import trace for requested module:
./src/app/api/user/wishlist/[productId]/route.ts

./src/app/api/user/wishlist/[productId]/route.ts
Attempted import error: 'wishlist' is not exported from '@/db/schema' (imported as 'wishlist').

Import trace for requested module:
./src/app/api/user/wishlist/[productId]/route.ts

./src/app/api/user/wishlist/route.ts
Attempted import error: 'wishlist' is not exported from '@/db/schema' (imported as 'wishlist').

Import trace for requested module:
./src/app/api/user/wishlist/route.ts

./src/app/api/user/wishlist/route.ts
Attempted import error: 'wishlist' is not exported from '@/db/schema' (imported as 'wishlist').

Import trace for requested module:
./src/app/api/user/wishlist/route.ts

./src/app/api/user/wishlist/route.ts
Attempted import error: 'wishlist' is not exported from '@/db/schema' (imported as 'wishlist').

Import trace for requested module:
./src/app/api/user/wishlist/route.ts

./src/app/api/user/wishlist/route.ts
Attempted import error: 'products' is not exported from '@/db/schema' (imported as 'products').

Import trace for requested module:
./src/app/api/user/wishlist/route.ts

./src/app/api/user/wishlist/route.ts
Attempted import error: 'products' is not exported from '@/db/schema' (imported as 'products').

Import trace for requested module:
./src/app/api/user/wishlist/route.ts

./src/app/api/user/wishlist/route.ts
Attempted import error: 'products' is not exported from '@/db/schema' (imported as 'products').

Import trace for requested module:
./src/app/api/user/wishlist/route.ts

./src/app/api/user/wishlist/route.ts
Attempted import error: 'products' is not exported from '@/db/schema' (imported as 'products').

Import trace for requested module:
./src/app/api/user/wishlist/route.ts

./src/app/api/user/wishlist/route.ts
Attempted import error: 'products' is not exported from '@/db/schema' (imported as 'products').

Import trace for requested module:
./src/app/api/user/wishlist/route.ts

./src/app/api/user/wishlist/route.ts
Attempted import error: 'products' is not exported from '@/db/schema' (imported as 'products').

Import trace for requested module:
./src/app/api/user/wishlist/route.ts

./src/app/api/user/wishlist/route.ts
Attempted import error: 'products' is not exported from '@/db/schema' (imported as 'products').

Import trace for requested module:
./src/app/api/user/wishlist/route.ts

./src/app/api/user/wishlist/route.ts
Attempted import error: 'products' is not exported from '@/db/schema' (imported as 'products').

Import trace for requested module:
./src/app/api/user/wishlist/route.ts

./src/app/api/user/wishlist/route.ts
Attempted import error: 'products' is not exported from '@/db/schema' (imported as 'products').

Import trace for requested module:
./src/app/api/user/wishlist/route.ts

./src/app/api/user/wishlist/route.ts
Attempted import error: 'wishlist' is not exported from '@/db/schema' (imported as 'wishlist').

Import trace for requested module:
./src/app/api/user/wishlist/route.ts

./src/app/api/user/wishlist/route.ts
Attempted import error: 'products' is not exported from '@/db/schema' (imported as 'products').

Import trace for requested module:
./src/app/api/user/wishlist/route.ts

./src/app/api/user/wishlist/route.ts
Attempted import error: 'wishlist' is not exported from '@/db/schema' (imported as 'wishlist').

Import trace for requested module:
./src/app/api/user/wishlist/route.ts

./src/app/api/user/wishlist/route.ts
Attempted import error: 'products' is not exported from '@/db/schema' (imported as 'products').

Import trace for requested module:
./src/app/api/user/wishlist/route.ts

./src/app/api/user/wishlist/route.ts
Attempted import error: 'wishlist' is not exported from '@/db/schema' (imported as 'wishlist').

Import trace for requested module:
./src/app/api/user/wishlist/route.ts

./src/app/api/user/wishlist/route.ts
Attempted import error: 'wishlist' is not exported from '@/db/schema' (imported as 'wishlist').

Import trace for requested module:
./src/app/api/user/wishlist/route.ts

./src/app/api/user/wishlist/route.ts
Attempted import error: 'wishlist' is not exported from '@/db/schema' (imported as 'wishlist').

Import trace for requested module:
./src/app/api/user/wishlist/route.ts

./src/app/api/user/wishlist/route.ts
Attempted import error: 'wishlist' is not exported from '@/db/schema' (imported as 'wishlist').

Import trace for requested module:
./src/app/api/user/wishlist/route.ts

./src/app/api/user/wishlist/route.ts
Attempted import error: 'wishlist' is not exported from '@/db/schema' (imported as 'wishlist').

Import trace for requested module:
./src/app/api/user/wishlist/route.ts

./src/lib/chat-tools.ts
Attempted import error: 'supportTickets' is not exported from '@/db/schema' (imported as 'supportTickets').

Import trace for requested module:
./src/lib/chat-tools.ts
./src/app/api/chat/route.ts

./src/lib/queries/categories.ts
Attempted import error: 'products' is not exported from '@/db/schema' (imported as 'products').

Import trace for requested module:
./src/lib/queries/categories.ts
./src/app/api/categories/route.ts

./src/lib/queries/categories.ts
Attempted import error: 'products' is not exported from '@/db/schema' (imported as 'products').

Import trace for requested module:
./src/lib/queries/categories.ts
./src/app/api/categories/route.ts

./src/lib/queries/categories.ts
Attempted import error: 'products' is not exported from '@/db/schema' (imported as 'products').

Import trace for requested module:
./src/lib/queries/categories.ts
./src/app/api/categories/route.ts

./src/lib/queries/categories.ts
Attempted import error: 'products' is not exported from '@/db/schema' (imported as 'products').

Import trace for requested module:
./src/lib/queries/categories.ts
./src/app/api/categories/route.ts

./src/lib/queries/products.ts
Attempted import error: 'products' is not exported from '@/db/schema' (imported as 'products').

Import trace for requested module:
./src/lib/queries/products.ts
./src/app/api/products/[slug]/route.ts

./src/lib/queries/products.ts
Attempted import error: 'products' is not exported from '@/db/schema' (imported as 'products').

Import trace for requested module:
./src/lib/queries/products.ts
./src/app/api/products/[slug]/route.ts

./src/lib/queries/products.ts
Attempted import error: 'products' is not exported from '@/db/schema' (imported as 'products').

Import trace for requested module:
./src/lib/queries/products.ts
./src/app/api/products/[slug]/route.ts

./src/lib/queries/products.ts
Attempted import error: 'products' is not exported from '@/db/schema' (imported as 'products').

Import trace for requested module:
./src/lib/queries/products.ts
./src/app/api/products/[slug]/route.ts

./src/lib/queries/products.ts
Attempted import error: 'products' is not exported from '@/db/schema' (imported as 'products').

Import trace for requested module:
./src/lib/queries/products.ts
./src/app/api/products/[slug]/route.ts

./src/lib/queries/products.ts
Attempted import error: 'products' is not exported from '@/db/schema' (imported as 'products').

Import trace for requested module:
./src/lib/queries/products.ts
./src/app/api/products/[slug]/route.ts

./src/lib/queries/products.ts
Attempted import error: 'products' is not exported from '@/db/schema' (imported as 'products').

Import trace for requested module:
./src/lib/queries/products.ts
./src/app/api/products/[slug]/route.ts

./src/lib/queries/products.ts
Attempted import error: 'products' is not exported from '@/db/schema' (imported as 'products').

Import trace for requested module:
./src/lib/queries/products.ts
./src/app/api/products/[slug]/route.ts

./src/lib/queries/products.ts
Attempted import error: 'products' is not exported from '@/db/schema' (imported as 'products').

Import trace for requested module:
./src/lib/queries/products.ts
./src/app/api/products/[slug]/route.ts

./src/lib/queries/products.ts
Attempted import error: 'products' is not exported from '@/db/schema' (imported as 'products').

Import trace for requested module:
./src/lib/queries/products.ts
./src/app/api/products/[slug]/route.ts

./src/lib/queries/products.ts
Attempted import error: 'products' is not exported from '@/db/schema' (imported as 'products').

Import trace for requested module:
./src/lib/queries/products.ts
./src/app/api/products/[slug]/route.ts

./src/lib/queries/products.ts
Attempted import error: 'products' is not exported from '@/db/schema' (imported as 'products').

Import trace for requested module:
./src/lib/queries/products.ts
./src/app/api/products/[slug]/route.ts

./src/lib/queries/products.ts
Attempted import error: 'products' is not exported from '@/db/schema' (imported as 'products').

Import trace for requested module:
./src/lib/queries/products.ts
./src/app/api/products/[slug]/route.ts

./src/lib/queries/products.ts
Attempted import error: 'products' is not exported from '@/db/schema' (imported as 'products').

Import trace for requested module:
./src/lib/queries/products.ts
./src/app/api/products/[slug]/route.ts

./src/lib/queries/products.ts
Attempted import error: 'products' is not exported from '@/db/schema' (imported as 'products').

Import trace for requested module:
./src/lib/queries/products.ts
./src/app/api/products/[slug]/route.ts

./src/lib/queries/products.ts
Attempted import error: 'products' is not exported from '@/db/schema' (imported as 'products').

Import trace for requested module:
./src/lib/queries/products.ts
./src/app/api/products/[slug]/route.ts

./src/lib/queries/products.ts
Attempted import error: 'products' is not exported from '@/db/schema' (imported as 'products').

Import trace for requested module:
./src/lib/queries/products.ts
./src/app/api/products/[slug]/route.ts

./src/lib/queries/products.ts
Attempted import error: 'products' is not exported from '@/db/schema' (imported as 'products').

Import trace for requested module:
./src/lib/queries/products.ts
./src/app/api/products/[slug]/route.ts

./src/lib/queries/products.ts
Attempted import error: 'products' is not exported from '@/db/schema' (imported as 'products').

Import trace for requested module:
./src/lib/queries/products.ts
./src/app/api/products/[slug]/route.ts

./src/lib/queries/products.ts
Attempted import error: 'products' is not exported from '@/db/schema' (imported as 'products').

Import trace for requested module:
./src/lib/queries/products.ts
./src/app/api/products/[slug]/route.ts

./src/lib/queries/products.ts
Attempted import error: 'products' is not exported from '@/db/schema' (imported as 'products').

Import trace for requested module:
./src/lib/queries/products.ts
./src/app/api/products/[slug]/route.ts

./src/lib/queries/products.ts
Attempted import error: 'products' is not exported from '@/db/schema' (imported as 'products').

Import trace for requested module:
./src/lib/queries/products.ts
./src/app/api/products/[slug]/route.ts

./src/lib/queries/products.ts
Attempted import error: 'products' is not exported from '@/db/schema' (imported as 'products').

Import trace for requested module:
./src/lib/queries/products.ts
./src/app/api/products/[slug]/route.ts

./src/lib/queries/products.ts
Attempted import error: 'products' is not exported from '@/db/schema' (imported as 'products').

Import trace for requested module:
./src/lib/queries/products.ts
./src/app/api/products/[slug]/route.ts

./src/lib/queries/products.ts
Attempted import error: 'products' is not exported from '@/db/schema' (imported as 'products').

Import trace for requested module:
./src/lib/queries/products.ts
./src/app/api/products/[slug]/route.ts

./src/lib/queries/products.ts
Attempted import error: 'products' is not exported from '@/db/schema' (imported as 'products').

Import trace for requested module:
./src/lib/queries/products.ts
./src/app/api/products/[slug]/route.ts

./src/lib/queries/products.ts
Attempted import error: 'products' is not exported from '@/db/schema' (imported as 'products').

Import trace for requested module:
./src/lib/queries/products.ts
./src/app/api/products/[slug]/route.ts

./src/lib/queries/products.ts
Attempted import error: 'products' is not exported from '@/db/schema' (imported as 'products').

Import trace for requested module:
./src/lib/queries/products.ts
./src/app/api/products/[slug]/route.ts

./src/lib/queries/products.ts
Attempted import error: 'products' is not exported from '@/db/schema' (imported as 'products').

Import trace for requested module:
./src/lib/queries/products.ts
./src/app/api/products/[slug]/route.ts

./src/lib/queries/products.ts
Attempted import error: 'products' is not exported from '@/db/schema' (imported as 'products').

Import trace for requested module:
./src/lib/queries/products.ts
./src/app/api/products/[slug]/route.ts

./src/lib/queries/products.ts
Attempted import error: 'products' is not exported from '@/db/schema' (imported as 'products').

Import trace for requested module:
./src/lib/queries/products.ts
./src/app/api/products/[slug]/route.ts

./src/lib/queries/products.ts
Attempted import error: 'products' is not exported from '@/db/schema' (imported as 'products').

Import trace for requested module:
./src/lib/queries/products.ts
./src/app/api/products/[slug]/route.ts

./src/lib/queries/products.ts
Attempted import error: 'products' is not exported from '@/db/schema' (imported as 'products').

Import trace for requested module:
./src/lib/queries/products.ts
./src/app/api/products/[slug]/route.ts

./src/lib/queries/products.ts
Attempted import error: 'products' is not exported from '@/db/schema' (imported as 'products').

Import trace for requested module:
./src/lib/queries/products.ts
./src/app/api/products/[slug]/route.ts

./src/lib/queries/products.ts
Attempted import error: 'products' is not exported from '@/db/schema' (imported as 'products').

Import trace for requested module:
./src/lib/queries/products.ts
./src/app/api/products/[slug]/route.ts

./src/lib/queries/products.ts
Attempted import error: 'products' is not exported from '@/db/schema' (imported as 'products').

Import trace for requested module:
./src/lib/queries/products.ts
./src/app/api/products/[slug]/route.ts

   Linting and checking validity of types ...

Failed to compile.

./src/app/[locale]/category/[id]/page.tsx
8:16  Warning: 'CardContent' is defined but never used.  @typescript-eslint/no-unused-vars
28:12  Warning: 'e' is defined but never used.  @typescript-eslint/no-unused-vars

./src/app/[locale]/page.tsx
5:10  Warning: 'UseTranslations' is defined but never used.  @typescript-eslint/no-unused-vars
73:94  Error: `'` can be escaped with `&apos;`, `&lsquo;`, `&#39;`, `&rsquo;`.  react/no-unescaped-entities
80:39  Error: `'` can be escaped with `&apos;`, `&lsquo;`, `&#39;`, `&rsquo;`.  react/no-unescaped-entities

info  - Need to disable some ESLint rules? Learn more here: https://nextjs.org/docs/app/api-reference/config/eslint#disabling-rules
