
> dc-store@0.1.0 build
> next build

   ▲ Next.js 15.5.9
   - Experiments (use with caution):
     · optimizePackageImports

   Creating an optimized production build ...
 ✓ Compiled successfully in 3.2s
   Linting and checking validity of types ...
Failed to compile.

./src/app/api/cart/route.ts:78:18
Type error: No overload matches this call.
  Overload 1 of 3, '(left: SQLiteColumn<{ name: "id"; tableName: "products"; dataType: "string"; columnType: "SQLiteText"; data: string; driverParam: string; notNull: true; hasDefault: false; isPrimaryKey: true; isAutoincrement: false; ... 4 more ...; generated: undefined; }, {}, { ...; }>, right: string | SQLWrapper): SQL<...>', gave the following error.
    Argument of type 'string | undefined' is not assignable to parameter of type 'string | SQLWrapper'.
      Type 'undefined' is not assignable to type 'string | SQLWrapper'.
  Overload 2 of 3, '(left: Aliased<string | undefined>, right: string | SQLWrapper | undefined): SQL<unknown>', gave the following error.
    Argument of type 'SQLiteColumn<{ name: "id"; tableName: "products"; dataType: "string"; columnType: "SQLiteText"; data: string; driverParam: string; notNull: true; hasDefault: false; isPrimaryKey: true; isAutoincrement: false; ... 4 more ...; generated: undefined; }, {}, { ...; }>' is not assignable to parameter of type 'Aliased<string | undefined>'.
      Type 'SQLiteColumn<{ name: "id"; tableName: "products"; dataType: "string"; columnType: "SQLiteText"; data: string; driverParam: string; notNull: true; hasDefault: false; isPrimaryKey: true; isAutoincrement: false; ... 4 more ...; generated: undefined; }, {}, { ...; }>' is missing the following properties from type 'Aliased<string | undefined>': sql, fieldAlias
  Overload 3 of 3, '(left: never, right: unknown): SQL<unknown>', gave the following error.
    Argument of type 'SQLiteColumn<{ name: "id"; tableName: "products"; dataType: "string"; columnType: "SQLiteText"; data: string; driverParam: string; notNull: true; hasDefault: false; isPrimaryKey: true; isAutoincrement: false; ... 4 more ...; generated: undefined; }, {}, { ...; }>' is not assignable to parameter of type 'never'.

[0m [90m 76 |[39m           [33m.[39mselect()
 [90m 77 |[39m           [33m.[39m[36mfrom[39m(products)
[31m[1m>[22m[39m[90m 78 |[39m           [33m.[39mwhere(eq(products[33m.[39mid[33m,[39m item[33m.[39mproductId))
 [90m    |[39m                  [31m[1m^[22m[39m
 [90m 79 |[39m           [33m.[39mthen((rows) [33m=>[39m rows[[35m0[39m])[33m;[39m
 [90m 80 |[39m
 [90m 81 |[39m         [36mreturn[39m {[0m
Next.js build worker exited with code: 1 and signal: null
