
> dc-store@0.1.0 build
> next build

   ▲ Next.js 15.5.9
   - Experiments (use with caution):
     · optimizePackageImports

   Creating an optimized production build ...
 ⚠ Compiled with warnings in 3.5s

./src/lib/chat-tools.ts
Attempted import error: 'supportTickets' is not exported from '@/db/schema' (imported as 'supportTickets').

Import trace for requested module:
./src/lib/chat-tools.ts
./src/app/api/chat/route.ts

   Linting and checking validity of types ...

Failed to compile.

./src/app/[locale]/category/[id]/page.tsx
8:16  Warning: 'CardContent' is defined but never used.  @typescript-eslint/no-unused-vars
28:12  Warning: 'e' is defined but never used.  @typescript-eslint/no-unused-vars

./src/app/[locale]/page.tsx
5:10  Warning: 'UseTranslations' is defined but never used.  @typescript-eslint/no-unused-vars
73:94  Error: `'` can be escaped with `&apos;`, `&lsquo;`, `&#39;`, `&rsquo;`.  react/no-unescaped-entities
80:39  Error: `'` can be escaped with `&apos;`, `&lsquo;`, `&#39;`, `&rsquo;`.  react/no-unescaped-entities

info  - Need to disable some ESLint rules? Learn more here: https://nextjs.org/docs/app/api-reference/config/eslint#disabling-rules
